record_id
first_name
email_address
details_complete
consent_16
consent_17
consent_20
consent_21
econsent_sdoh_complete
msoc_time_startrev
msoc_daterev
msoc_age
msoc_7rev
msoc_7arev
msoc_7brev
msoc_7crev
msoc_7drev
msoc_7erev
msoc_7frev_1
msoc_7frev_2
msoc_7frev_3
msoc_7frev_4
msoc_7frev_5
msoc_7frev_6
msoc_7fgrev
msoc_7grev
msoc_live_country0
msoc_live_country11
msoc_live_country25
msoc_live_country35
msoc_live_country46
msoc_live_country66
msoc_live_countryrec
msoc_live_state0
msoc_live_state11
msoc_live_state25
msoc_live_state35
msoc_live_state46
msoc_live_state66
msoc_live_staterec
msoc_live_city0
msoc_live_city11
msoc_live_city25
msoc_live_city35
msoc_live_city46
msoc_live_city66
msoc_live_cityrec
msoc_37rev
msoc_39rev
msoc_38rev
msoc_38arev
msoc_38brev
msoc_38crev
msoc_ppted_1
msoc_ppted_2
msoc_ppted_3
msoc_ppted_4
msoc_ppted_5
msoc_ppted_6
msoc_ppted_7
msoc_ppted_8
msoc_ppted_9
msoc_pptedqual
msoc_work18
msoc_work_age
msoc_work_age_2_1
msoc_work_age_2_2
msoc_work_age_2_3
msoc_work_age_2_4
msoc_work_age_2_5
msoc_work_age2b
msoc_num_job
msoc_longestjob
msoc_longestjob_dur
msoc_longestjob_detail
msoc_20rev
msoc_20arev
msoc_44rev
msoc_lang_spec
msoc_21rev
msoc_21arev
msoc_21brev
msoc_21crev
msoc_21drev
msoc_21erev
msoc_22rev
msoc_22arev
msoc_22brev
msoc_22crev
msoc_22drev
msoc_22erev
msoc_23rev
msoc_23arev
msoc_23brev
msoc_23crev
msoc_23drev
msoc_23erev
msoc_24rev
msoc_24arev
msoc_24brev
msoc_24crev
msoc_24drev
msoc_24erev
msoc_21frev
msoc_21grev
msoc_21hrev
msoc_21irev
msoc_22frev
msoc_22grev
msoc_22hrev
msoc_22irev
msoc_23frev
msoc_23grev
msoc_23hrev
msoc_23irev
msoc_24frev
msoc_24grev
msoc_24hrev
msoc_24irev
msoc_21jrev
msoc_21krev
msoc_21lrev
msoc_21mrev
msoc_21nrev
msoc_21orev
msoc_22jrev
msoc_22krev
msoc_22lrev
msoc_22mrev
msoc_22nrev
msoc_22orev
msoc_23jrev
msoc_23krev
msoc_23lrev
msoc_23mrev
msoc_23nrev
msoc_23orev
msoc_24jrev
msoc_24krev
msoc_24lrev
msoc_24mrev
msoc_24nrev
msoc_24orev
msoc_21prev
msoc_21qrev
msoc_21rrev
msoc_21srev
msoc_22prev
msoc_22qrev
msoc_22rrev
msoc_22srev
msoc_23prev
msoc_23qrev
msoc_23rrev
msoc_23srev
msoc_24prev
msoc_24qrev
msoc_24rrev
msoc_24srev
msoc_9rev
msoc_race
msoc_10rev
msoc_ethni
msoc_10rev_2
msoc_cult
msoc_11rev_1
msoc_11rev_2
msoc_11rev_3
msoc_11rev_4
msoc_11rev_5
msoc_11rev_6
msoc_11rev_7
msoc_11rev_8
msoc_cat_other
msoc_12rev
msoc_sex_other
msoc_13rev
msoc_13arev
msoc_14rev
msoc_14arev
msoc_15rev
msoc_16rev
msoc_child
msoc_43rev
msoc_8rev
msoc_8arev
msoc_contact
msoc_household_0
msoc_household_1
msoc_household_2
msoc_household_3
msoc_household_4
msoc_household_5
msoc_household_6
msoc_household_7_1
msoc_household_7_2
msoc_household_7_3
msoc_household_7_4
msoc_household_7_5
msoc_household_7_6
msoc_household_7_7
msoc_household_7_12
msoc_household_7_13
msoc_household_7_14
msoc_household_8_1
msoc_household_8_2
msoc_household_8_3
msoc_household_8_4
msoc_household_8_5
msoc_household_8_6
msoc_household_8_7
msoc_household_8_8
msoc_household_8_9
msoc_household_8_10
msoc_household_8_12
msoc_household_8_13
msoc_household_8_14
msoc_household_9_1
msoc_household_9_2
msoc_household_9_3
msoc_household_9_4
msoc_household_9_5
msoc_household_9_6
msoc_household_9_7
msoc_household_9_8
msoc_household_9_9
msoc_household_9_10
msoc_household_9_12
msoc_household_9_13
msoc_household_9_14
msoc_household_10_1
msoc_household_10_2
msoc_household_10_3
msoc_household_10_4
msoc_household_10_5
msoc_household_10_6
msoc_household_10_7
msoc_household_10_8
msoc_household_10_9
msoc_household_10_10
msoc_household_10_11
msoc_household_10_12
msoc_household_10_13
msoc_household_10_14
msoc_household_11_1
msoc_household_11_2
msoc_household_11_3
msoc_household_11_4
msoc_household_11_5
msoc_household_11_6
msoc_household_11_7
msoc_household_11_8
msoc_household_11_9
msoc_household_11_10
msoc_household_11_11
msoc_household_11_12
msoc_household_11_13
msoc_household_11_14
msoc_household_12_1
msoc_household_12_2
msoc_household_12_3
msoc_household_12_4
msoc_household_12_5
msoc_household_12_6
msoc_household_12_7
msoc_household_12_8
msoc_household_12_9
msoc_household_12_10
msoc_household_12_11
msoc_household_12_12
msoc_household_12_13
msoc_household_12_14
msoc_household_13_1
msoc_household_13_2
msoc_household_13_3
msoc_household_13_4
msoc_household_13_5
msoc_household_13_6
msoc_household_13_7
msoc_household_13_8
msoc_household_13_9
msoc_household_13_10
msoc_household_13_11
msoc_household_13_12
msoc_household_13_13
msoc_household_13_14
msoc_1arev
msoc_1arevyears
msoc_1rev_1
msoc_1rev_2
msoc_1rev_3
msoc_1rev_4
msoc_1rev_5
msoc_1rev_6
msoc_1rev_7
msoc_1rev_8
msoc_1rev_9
msoc_2rev
msoc_2rev_des
msoc_3rev
msoc_4rev
msoc_4arevyears
msoc_4arev_1
msoc_4arev_2
msoc_4arev_3
msoc_4arev_4
msoc_4arev_5
msoc_4arev_6
msoc_4arev_7
msoc_4arev_8
msoc_4arev_9
msoc_5rev
msoc_5rev_des
msoc_6rev
msoc_35rev
msoc_35arev
msoc_36rev
msoc_elec_0
msoc_elec_11
msoc_elec_25
msoc_elec_35
msoc_elec_46
msoc_elec_66
msoc_elec_rec
msoc_rad_0
msoc_rad_11
msoc_rad_25
msoc_rad_35
msoc_rad_46
msoc_rad_66
msoc_rad_rec
msoc_tv_0
msoc_tv_11
msoc_tv_25
msoc_tv_35
msoc_tv_46
msoc_tv_66
msoc_tv_rec
msoc_ref_0
msoc_ref_11
msoc_ref_25
msoc_ref_35
msoc_ref_46
msoc_ref_66
msoc_ref_rec
msoc_wash_0
msoc_wash_11
msoc_wash_25
msoc_wash_35
msoc_wash_46
msoc_wash_66
msoc_wash_rec
msoc_comp_0
msoc_comp_11
msoc_comp_25
msoc_comp_35
msoc_comp_46
msoc_comp_66
msoc_comp_rec
msoc_line_0
msoc_line_11
msoc_line_25
msoc_line_35
msoc_line_46
msoc_line_66
msoc_line_rec
msoc_runn_0
msoc_runn_11
msoc_runn_25
msoc_runn_35
msoc_runn_46
msoc_runn_66
msoc_runn_rec
msoc_wat_0
msoc_wat_11
msoc_wat_25
msoc_wat_35
msoc_wat_46
msoc_wat_66
msoc_wat_rec
msoc_bath_0
msoc_bath_11
msoc_bath_25
msoc_bath_35
msoc_bath_46
msoc_bath_66
msoc_bath_rec
msoc_car_0
msoc_car_11
msoc_car_25
msoc_car_35
msoc_car_46
msoc_car_66
msoc_car_rec
msoc_inter_0
msoc_inter_11
msoc_inter_25
msoc_inter_35
msoc_inter_46
msoc_inter_66
msoc_inter_rec
msoc_sound_0
msoc_sound_11
msoc_sound_25
msoc_sound_35
msoc_sound_46
msoc_sound_66
msoc_sound_rec
msoc_smrt_0
msoc_smrt_11
msoc_smrt_25
msoc_smrt_35
msoc_smrt_46
msoc_smrt_66
msoc_smrt_rec
msoc_bedr_0
msoc_bedr_11
msoc_bedr_25
msoc_bedr_35
msoc_bedr_46
msoc_bedr_66
msoc_bedr_rec
msoc_ob1_0
msoc_ob1_11
msoc_ob1_25
msoc_ob1_35
msoc_ob1_46
msoc_ob1_66
msoc_ob1_rec
msoc_ob2_0
msoc_ob2_11
msoc_ob2_25
msoc_ob2_35
msoc_ob2_46
msoc_ob2_66
msoc_ob2_rec
msoc_ob3_0
msoc_ob3_11
msoc_ob3_25
msoc_ob3_35
msoc_ob3_46
msoc_ob3_66
msoc_ob3_rec
msoc_ob4_0
msoc_ob4_11
msoc_ob4_25
msoc_ob4_35
msoc_ob4_46
msoc_ob4_66
msoc_ob4_rec
msoc_ob5_0
msoc_ob5_11
msoc_ob5_25
msoc_ob5_35
msoc_ob5_46
msoc_ob5_66
msoc_ob5_rec
msoc_bas
msoc_bas_0
msoc_bas_11
msoc_bas_25
msoc_bas_35
msoc_bas_46
msoc_bas_66
msoc_bas_rec
msoc_fin
msoc_fin_0
msoc_fin_11
msoc_fin_25
msoc_fin_35
msoc_fin_46
msoc_fin_66
msoc_fin_rec
msoc_care
msoc_care_0
msoc_care_11
msoc_care_25
msoc_care_35
msoc_care_46
msoc_care_66
msoc_care_rec
msoc_eat
msoc_eat_0
msoc_eat_11
msoc_eat_25
msoc_eat_35
msoc_eat_46
msoc_eat_66
msoc_eat_rec
msoc_bal
msoc_bal_0
msoc_bal_11
msoc_bal_25
msoc_bal_35
msoc_bal_46
msoc_bal_66
msoc_bal_rec
msoc_ladder_0
msoc_ladder_11
msoc_ladder_25
msoc_ladder_35
msoc_ladder_46
msoc_ladder_66
msoc_ladder_rec
msoc_74rev
msoc_74arev
msoc_75rev_1
msoc_75rev_2
msoc_75rev_3
msoc_75rev_4
msoc_75rev_5
msoc_75rev_6
msoc_75rev_7
msoc_75rev_8
msoc_75rev_9
msoc_75rev_10
msoc_75rev_11
msoc_75rev_12
msoc_75reva
msoc_76rev
msoc_76arev
msoc_76brev
msoc_77rev
msoc_79rev
msoc_80rev
msoc_81rev
msoc_81arev
msoc_82rev
msoc_82arev_1
msoc_82arev_2
msoc_82arev_3
msoc_82arev_4
msoc_82arev_5
msoc_82arev_6
msoc_82arev_7
msoc_82arev_8
msoc_82arev_9
msoc_82arev_10
msoc_82brev
msoc_83rev
msoc_84rev_1
msoc_84rev_2
msoc_84rev_3
msoc_84rev_4
msoc_insur_type_1
msoc_insur_type_2
msoc_insur_type_3
msoc_insur_type_4
msoc_insur_type_5
msoc_insur_type_6
msoc_insur_type_7
msoc_insur_type_8
msoc_87rev
msoc_91rev
msoc_doc_why_1
msoc_doc_why_2
msoc_doc_why_3
msoc_doc_why_4
msoc_doc_why_5
msoc_doc_why_6
msoc_doc_why_7
msoc_doc_why_8
msoc_doc_why_spec
msoc_25rev
msoc_27rev
msoc_30rev
msoc_31rev
msoc_31rev_2
msoc_31rev_3
msoc_32rev
msoc_33rev
msoc_34rev
msoc_hit
msoc_hit_period_1
msoc_hit_period_2
msoc_hit_period_3
msoc_hit_period_4
msoc_hit_period_5
msoc_hit_period_6
msoc_hit_period_7
msoc_hit_relat_1
msoc_hit_relat_2
msoc_hit_relat_3
msoc_hit_relat_4
msoc_hit_relat_5
msoc_hit_relat_6
msoc_hit_relat_7
msoc_hit_relat_8
msoc_hit_relat_s
msoc_att
msoc_att_period_1
msoc_att_period_2
msoc_att_period_3
msoc_att_period_4
msoc_att_period_5
msoc_att_period_6
msoc_att_period_7
msoc_att_relat_1
msoc_att_relat_2
msoc_att_relat_3
msoc_att_relat_4
msoc_att_relat_5
msoc_att_relat_6
msoc_att_relat_7
msoc_att_relat_8
msoc_att_relat_s
msoc_humi
msoc_humi_period_1
msoc_humi_period_2
msoc_humi_period_3
msoc_humi_period_4
msoc_humi_period_5
msoc_humi_period_6
msoc_humi_period_7
msoc_humi_relat_1
msoc_humi_relat_2
msoc_humi_relat_3
msoc_humi_relat_4
msoc_humi_relat_5
msoc_humi_relat_6
msoc_humi_relat_7
msoc_humi_relat_8
msoc_humi_relat_s
msoc_forb
msoc_forb_period_1
msoc_forb_period_2
msoc_forb_period_3
msoc_forb_period_4
msoc_forb_period_5
msoc_forb_period_6
msoc_forb_period_7
msoc_forb_relat_1
msoc_forb_relat_2
msoc_forb_relat_3
msoc_forb_relat_4
msoc_forb_relat_5
msoc_forb_relat_6
msoc_forb_relat_7
msoc_forb_relat_8
msoc_forb_relat_s
msoc_prov
msoc_prov_period_1
msoc_prov_period_2
msoc_prov_period_3
msoc_prov_period_4
msoc_prov_period_5
msoc_prov_period_6
msoc_prov_period_7
msoc_prov_relat_1
msoc_prov_relat_2
msoc_prov_relat_3
msoc_prov_relat_4
msoc_prov_relat_5
msoc_prov_relat_6
msoc_prov_relat_7
msoc_prov_relat_8
msoc_prov_relat_s
msoc_mon
msoc_mon_period_1
msoc_mon_period_2
msoc_mon_period_3
msoc_mon_period_4
msoc_mon_period_5
msoc_mon_period_6
msoc_mon_period_7
msoc_mon_relat_1
msoc_mon_relat_2
msoc_mon_relat_3
msoc_mon_relat_4
msoc_mon_relat_5
msoc_mon_relat_6
msoc_mon_relat_7
msoc_mon_relat_8
msoc_mon_relat_s
msoc_prop
msoc_prop_period_1
msoc_prop_period_2
msoc_prop_period_3
msoc_prop_period_4
msoc_prop_period_5
msoc_prop_period_6
msoc_prop_period_7
msoc_prop_relat_1
msoc_prop_relat_2
msoc_prop_relat_3
msoc_prop_relat_4
msoc_prop_relat_5
msoc_prop_relat_6
msoc_prop_relat_7
msoc_prop_relat_8
msoc_prop_relat_s
msoc_deman
msoc_deman_period_1
msoc_deman_period_2
msoc_deman_period_3
msoc_deman_period_4
msoc_deman_period_5
msoc_deman_period_6
msoc_deman_period_7
msoc_deman_relat_1
msoc_deman_relat_2
msoc_deman_relat_3
msoc_deman_relat_4
msoc_deman_relat_5
msoc_deman_relat_6
msoc_deman_relat_7
msoc_deman_relat_8
msoc_deman_relat_s
msoc_45rev_2
msoc_45arev_2_1
msoc_45arev_2_2
msoc_45arev_2_3
msoc_45arev_2_4
msoc_45arev_2_5
msoc_45arev_2_6
msoc_45arev_2_7
msoc_45rev_3
msoc_45arev_3_1
msoc_45arev_3_2
msoc_45arev_3_3
msoc_45arev_3_4
msoc_45arev_3_5
msoc_45arev_3_6
msoc_45arev_3_7
msoc_45rev_4
msoc_45arev_4_1
msoc_45arev_4_2
msoc_45arev_4_3
msoc_45arev_4_4
msoc_45arev_4_5
msoc_45arev_4_6
msoc_45arev_4_7
msoc_45rev_5
msoc_45arev_5_1
msoc_45arev_5_2
msoc_45arev_5_3
msoc_45arev_5_4
msoc_45arev_5_5
msoc_45arev_5_6
msoc_45arev_5_7
msoc_45rev_6
msoc_45arev_6_1
msoc_45arev_6_2
msoc_45arev_6_3
msoc_45arev_6_4
msoc_45arev_6_5
msoc_45arev_6_6
msoc_45arev_6_7
msoc_45rev_7
msoc_45arev_7_1
msoc_45arev_7_2
msoc_45arev_7_3
msoc_45arev_7_4
msoc_45arev_7_5
msoc_45arev_7_6
msoc_45arev_7_7
msoc_45rev_8
msoc_45arev_8_1
msoc_45arev_8_2
msoc_45arev_8_3
msoc_45arev_8_4
msoc_45arev_8_5
msoc_45arev_8_6
msoc_45arev_8_7
msoc_52rev
msoc_52revb
msoc_52arev_2_1
msoc_52arev_2_2
msoc_52arev_2_3
msoc_52arev_2_4
msoc_52arev_2_5
msoc_52arev_2_6
msoc_52arev_2_7
msoc_52a_1arev
msoc_52a_1brev
msoc_52a_1brev_s
msoc_52a_2arev
msoc_52a_2brev
msoc_52a_2brev_s
msoc_52a_3arev
msoc_52a_3brev
msoc_52a_3brev_s
msoc_52a_4arev
msoc_52a_4brev
msoc_52a_4brev_s
msoc_52a_5arev
msoc_52a_5brev
msoc_52a_5brev_s
msoc_52a_6arev
msoc_52a_6brev
msoc_52a_6brev_s
msoc_52a_7arev
msoc_52a_7brev
msoc_52a_7brev_s
msoc_53rev
msoc_53revb
msoc_53arev_1
msoc_53arev_2
msoc_53arev_3
msoc_53arev_4
msoc_53arev_5
msoc_53arev_6
msoc_53arev_7
msoc_53a_1arev
msoc_53a_1brev
msoc_53a_1brev_s
msoc_53a_2arev
msoc_53a_2brev
msoc_53a_2brev_s
msoc_53a_3arev
msoc_53a_3brev
msoc_53a_3brev_s
msoc_53a_4arev
msoc_53a_4brev
msoc_53a_4brev_s
msoc_53a_5arev
msoc_53a_5brev
msoc_53a_5brev_s
msoc_53a_6arev
msoc_53a_6brev
msoc_53a_6brev_s
msoc_53a_7arev
msoc_53a_7brev
msoc_53a_7brev_s
msoc_54rev
msoc_54revb
msoc_54arev_1
msoc_54arev_2
msoc_54arev_3
msoc_54arev_4
msoc_54arev_5
msoc_54arev_6
msoc_54arev_7
msoc_54a_1arev
msoc_54a_1brev
msoc_54a_1brev_s
msoc_54a_2arev
msoc_54a_2brev
msoc_54a_2brev_s
msoc_54a_3arev
msoc_54a_3brev
msoc_54a_3brev_s
msoc_54a_4arev
msoc_54a_4brev
msoc_54a_4brev_s
msoc_54a_5arev
msoc_54a_5brev
msoc_54a_5brev_s
msoc_54a_6arev
msoc_54a_6brev
msoc_54a_6brev_s
msoc_54a_7arev
msoc_54a_7brev
msoc_54a_7brev_s
msoc_55rev
msoc_55arev_1
msoc_55arev_2
msoc_55arev_3
msoc_55arev_4
msoc_55arev_5
msoc_55arev_6
msoc_55arev_7
msoc_55a_1arev
msoc_55a_1brev
msoc_55a_1brev_s
msoc_55a_2arev
msoc_55a_2brev
msoc_55a_2brev_s
msoc_55a_3arev
msoc_55a_3brev
msoc_55a_3brev_s
msoc_55a_4arev
msoc_55a_4brev
msoc_55a_4brev_s
msoc_55a_5arev
msoc_55a_5brev
msoc_55a_5brev_s
msoc_55a_6arev
msoc_55a_6brev
msoc_55a_6brev_s
msoc_55a_7arev
msoc_55a_7brev
msoc_55a_7brev_s
msoc_56rev
msoc_56arev_1
msoc_56arev_2
msoc_56arev_3
msoc_56arev_4
msoc_56arev_5
msoc_56arev_6
msoc_56arev_7
msoc_56a_1arev
msoc_56a_1brev
msoc_56a_1brev_s
msoc_56a_2arev
msoc_56a_2brev
msoc_56a_2brev_s
msoc_56a_3arev
msoc_56a_3brev
msoc_56a_3brev_s
msoc_56a_4arev
msoc_56a_4brev
msoc_56a_4brev_s
msoc_56a_5arev
msoc_56a_5brev
msoc_56a_5brev_s
msoc_56a_6arev
msoc_56a_6brev
msoc_56a_6brev_s
msoc_56a_7arev
msoc_56a_7brev
msoc_56a_7brev_s
msoc_102
msoc_103
msoc_104
msoc_105
msoc_106
msoc_107
msoc_108
msoc_109
msoc_contrib
msoc_confid
msoc_contrib_ppt
msoc_time_endrev
questionnaire_complete
survey
